[16:57:58.832] [INFO] storybook v10.2.10
[16:58:01.378] [DEBUG] Getting package.json info for C:/Users/vibhi/blueprint/environteers/package.json...
[16:58:03.907] [INFO] Starting...
[16:58:03.943] [WARN] No story files found for the specified pattern: [34mstories\**\*.mdx[39m
[16:58:04.250] [DEBUG] Starting preview..
[16:58:04.261] [WARN] 🚨 Unable to index ./stories/ProfileSettings.stories.tsx:
  NoMetaError: CSF: missing default export C:/Users/vibhi/blueprint/environteers/stories/ProfileSettings.stories.tsx (line 1, col 0)

More info: https://storybook.js.org/docs/writing-stories?ref=error#default-export
    at CsfFile.parse (file:///C:/Users/vibhi/blueprint/environteers/node_modules/storybook/dist/_node-chunks/chunk-3GE4RMQP.js:456:13)
    at Object.createIndex (file:///C:/Users/vibhi/blueprint/environteers/node_modules/storybook/dist/core-server/presets/common-preset.js:1802:81)
    at async _StoryIndexGenerator.extractStories (file:///C:/Users/vibhi/blueprint/environteers/node_modules/storybook/dist/core-server/index.js:5912:23)
    at async file:///C:/Users/vibhi/blueprint/environteers/node_modules/storybook/dist/core-server/index.js:5833:39
    at async Promise.all (index 9)
    at async Promise.all (index 1)
    at async _StoryIndexGenerator.updateExtracted (file:///C:/Users/vibhi/blueprint/environteers/node_modules/storybook/dist/core-server/index.js:5821:5)
    at async _StoryIndexGenerator.ensureExtracted (file:///C:/Users/vibhi/blueprint/environteers/node_modules/storybook/dist/core-server/index.js:5856:5)
    at async _StoryIndexGenerator.initialize (file:///C:/Users/vibhi/blueprint/environteers/node_modules/storybook/dist/core-server/index.js:5817:5)
    at async file:///C:/Users/vibhi/blueprint/environteers/node_modules/storybook/dist/core-server/presets/common-preset.js:1842:10
[16:58:04.266] [ERROR] Failed to build the preview
[16:58:04.267] [ERROR] Error: Unable to index ./stories/ProfileSettings.stories.tsx
    at _StoryIndexGenerator.getIndexAndStats (file:///C:/Users/vibhi/blueprint/environteers/node_modules/storybook/dist/core-server/index.js:6085:15)
    at async _StoryIndexGenerator.getIndex (file:///C:/Users/vibhi/blueprint/environteers/node_modules/storybook/dist/core-server/index.js:6074:13)
    at async getOptimizeDeps (file:///C:/Users/vibhi/blueprint/environteers/node_modules/@storybook/builder-vite/dist/index.js:1862:15)
    at async createViteServer (file:///C:/Users/vibhi/blueprint/environteers/node_modules/@storybook/builder-vite/dist/index.js:1888:19)
    at async Module.start (file:///C:/Users/vibhi/blueprint/environteers/node_modules/@storybook/builder-vite/dist/index.js:1923:17)
    at async storybookDevServer (file:///C:/Users/vibhi/blueprint/environteers/node_modules/storybook/dist/core-server/index.js:7241:83)
    at async buildOrThrow (file:///C:/Users/vibhi/blueprint/environteers/node_modules/storybook/dist/core-server/index.js:4504:12)
    at async buildDevStandalone (file:///C:/Users/vibhi/blueprint/environteers/node_modules/storybook/dist/core-server/index.js:7611:66)
    at async withTelemetry (file:///C:/Users/vibhi/blueprint/environteers/node_modules/storybook/dist/_node-chunks/chunk-S3MWHNYJ.js:218:12)
    at async dev (file:///C:/Users/vibhi/blueprint/environteers/node_modules/storybook/dist/bin/core.js:2734:3)
[16:58:04.270] [WARN] Broken build, fix the error above.
You may need to refresh the browser.